Microchip MPLAB XC8 Compiler V2.32

Linker command line:

-W-3 --edf=C:\Program Files\Microchip\xc8\v2.32\pic\dat\en_msgs.txt -cn \
  -h+dist/default/debug\H35AUX.X.debug.sym \
  --cmf=dist/default/debug\H35AUX.X.debug.cmf -z -Q16F15325 \
  -oC:\Users\LYUBOM~1.PAS\AppData\Local\Temp\xcAs53g.4 \
  --defsym=__MPLAB_BUILD=1 -Mdist/default/debug/H35AUX.X.debug.map -E1 \
  -ver=XC8 Compiler --acfsm=1493 -ASTACK=02016h-023EFh -pstack=STACK \
  -ACODE=00h-07FFhx4 -ASTRCODE=00h-01FFFh -ASTRING=00h-0FFhx32 \
  -ACONST=00h-0FFhx32 -AENTRY=00h-0FFhx32 -ACOMMON=070h-07Fh \
  -ABANK0=020h-06Fh -ABANK1=0A0h-0EFh -ABANK2=0120h-016Fh \
  -ABANK3=01A0h-01EFh -ABANK4=0220h-026Fh -ABANK5=02A0h-02EFh \
  -ABANK6=0320h-036Fh -ABANK7=03A0h-03EFh -ABANK8=0420h-046Fh \
  -ABANK9=04A0h-04EFh -ABANK10=0520h-056Fh -ABANK11=05A0h-05EFh \
  -ABANK12=0620h-064Fh -ABIGRAM=02000h-023EFh \
  -ARAM=020h-06Fh,0A0h-0EFh,0120h-016Fh,01A0h-01EFh,0220h-026Fh,02A0h-02EFh,0320h-036Fh,03A0h-03EFh,0420h-046Fh,04A0h-04EFh,0520h-056Fh,05A0h-05EFh,0620h-064Fh \
  -AABS1=020h-07Fh,0A0h-0EFh,0120h-016Fh,01A0h-01EFh,0220h-026Fh,02A0h-02EFh,0320h-036Fh,03A0h-03EFh,0420h-046Fh,04A0h-04EFh,0520h-056Fh,05A0h-05EFh,0620h-064Fh \
  -ASFR0=00h-01Fh -ASFR1=080h-09Fh -ASFR2=0100h-011Fh -ASFR3=0180h-019Fh \
  -ASFR4=0200h-021Fh -ASFR5=0280h-029Fh -ASFR6=0300h-031Fh \
  -ASFR7=0380h-039Fh -ASFR8=0400h-041Fh -ASFR9=0480h-049Fh \
  -ASFR10=0500h-051Fh -ASFR11=0580h-059Fh -ASFR12=0600h-061Fh \
  -ASFR13=0680h-06EFh -ASFR14=0700h-076Fh -ASFR15=0780h-07EFh \
  -ASFR16=0800h-086Fh -ASFR17=0880h-08EFh -ASFR18=0900h-096Fh \
  -ASFR19=0980h-09EFh -ASFR20=0A00h-0A6Fh -ASFR21=0A80h-0AEFh \
  -ASFR22=0B00h-0B6Fh -ASFR23=0B80h-0BEFh -ASFR24=0C00h-0C6Fh \
  -ASFR25=0C80h-0CEFh -ASFR26=0D00h-0D6Fh -ASFR27=0D80h-0DEFh \
  -ASFR28=0E00h-0E6Fh -ASFR29=0E80h-0EEFh -ASFR30=0F00h-0F6Fh \
  -ASFR31=0F80h-0FEFh -ASFR32=01000h-0106Fh -ASFR33=01080h-010EFh \
  -ASFR34=01100h-0116Fh -ASFR35=01180h-011EFh -ASFR36=01200h-0126Fh \
  -ASFR37=01280h-012EFh -ASFR38=01300h-0136Fh -ASFR39=01380h-013EFh \
  -ASFR40=01400h-0146Fh -ASFR41=01480h-014EFh -ASFR42=01500h-0156Fh \
  -ASFR43=01580h-015EFh -ASFR44=01600h-0166Fh -ASFR45=01680h-016EFh \
  -ASFR46=01700h-0176Fh -ASFR47=01780h-017EFh -ASFR48=01800h-0186Fh \
  -ASFR49=01880h-018EFh -ASFR50=01900h-0196Fh -ASFR51=01980h-019EFh \
  -ASFR52=01A00h-01A6Fh -ASFR53=01A80h-01AEFh -ASFR54=01B00h-01B6Fh \
  -ASFR55=01B80h-01BEFh -ASFR56=01C00h-01C6Fh -ASFR57=01C80h-01CEFh \
  -ASFR58=01D00h-01D6Fh -ASFR59=01D80h-01DEFh -ASFR60=01E00h-01E6Fh \
  -ASFR61=01E80h-01EEFh -ASFR62=01F00h-01F6Fh -ASFR63=01F80h-01FEFh \
  -ACONFIG=08007h-0800Bh -DCONFIG=2 -AIDLOC=08000h-08003h -DIDLOC=2 \
  -DCODE=2 -DSTRCODE=2 -DSTRING=2 -DCONST=2 -DENTRY=2 \
  -preset_vec=00h,intentry=04h,init,end_init -ppowerup=CODE -pcinit=CODE \
  -pfunctab=ENTRY -k C:\Users\LYUBOM~1.PAS\AppData\Local\Temp\xcAs53g.o \
  dist/default/debug\H35AUX.X.debug.o 

Object code version is 3.11

Machine type is 16F15325



                Name                               Link     Load   Length Selector   Space Scale
C:\Users\LYUBOM~1.PAS\AppData\Local\Temp\xcAs53g.o
                end_init                             31       31        2        8       0
                reset_vec                             0        0        2        0       0
                config                             8007     8007        5        0       4
dist/default/debug\H35AUX.X.debug.o
                cinit                                33       33       11        8       0
                intentry                              4        4       2D        8       0
                config                             8007     8007        5        0       4
                text41                              243      243        1        8       0
                text40                              1AB      1AB        D        8       0
                text39                              22B      22B        6        8       0
                text38                              242      242        1        8       0
                text37                              23E      23E        3        8       0
                text36                              19E      19E        D        8       0
                text35                              225      225        6        8       0
                text34                              21F      21F        6        8       0
                text33                              1E2      1E2        7        8       0
                text32                              191      191        D        8       0
                text31                              23B      23B        3        8       0
                text30                              1DA      1DA        8        8       0
                text29                               44       44       30        8       0
                text28                              241      241        1        8       0
                text27                              164      164       12        8       0
                text26                              184      184        D        8       0
                text25                              14F      14F       15        8       0
                text23                              1D2      1D2        8        8       0
                text22                              219      219        6        8       0
                text21                              213      213        6        8       0
                text20                              20D      20D        6        8       0
                text19                               C1       C1       25        8       0
                text18                              207      207        6        8       0
                text17                              201      201        6        8       0
                text16                              1FB      1FB        6        8       0
                text15                               9C       9C       25        8       0
                text14                              1F5      1F5        6        8       0
                text13                              176      176        E        8       0
                text12                              1B8      1B8        A        8       0
                text11                               74       74       28        8       0
                text10                              1CA      1CA        8        8       0
                text9                               1C2      1C2        8        8       0
                text8                               1EF      1EF        6        8       0
                text7                               13A      13A       15        8       0
                text6                               1E9      1E9        6        8       0
                text5                               123      123       17        8       0
                text4                                E6       E6       1F        8       0
                text3                               238      238        3        8       0
                text2                               235      235        3        8       0
                text1                               231      231        4        8       0
                maintext                            105      105       1E        8       0
                cstackBANK0                          34       34        2       20       1
                cstackCOMMON                         7A       7A        2       70       1
                bssBANK0                             32       32        2       20       1
                bssCOMMON                            70       70        A       70       1
                nvBANK0                              20       20       12       20       1

TOTAL           Name                               Link     Load   Length     Space
        CLASS   STACK          

        CLASS   CODE           
                end_init                             31       31        2         0
                cinit                                33       33       11         0
                intentry                              4        4       2D         0
                reset_vec                             0        0        2         0
                text41                              243      243        1         0
                text40                              1AB      1AB        D         0
                text39                              22B      22B        6         0
                text38                              242      242        1         0
                text37                              23E      23E        3         0
                text36                              19E      19E        D         0
                text35                              225      225        6         0
                text34                              21F      21F        6         0
                text33                              1E2      1E2        7         0
                text32                              191      191        D         0
                text31                              23B      23B        3         0
                text30                              1DA      1DA        8         0
                text29                               44       44       30         0
                text28                              241      241        1         0
                text27                              164      164       12         0
                text26                              184      184        D         0
                text25                              14F      14F       15         0
                text23                              1D2      1D2        8         0
                text22                              219      219        6         0
                text21                              213      213        6         0
                text20                              20D      20D        6         0
                text19                               C1       C1       25         0
                text18                              207      207        6         0
                text17                              201      201        6         0
                text16                              1FB      1FB        6         0
                text15                               9C       9C       25         0
                text14                              1F5      1F5        6         0
                text13                              176      176        E         0
                text12                              1B8      1B8        A         0
                text11                               74       74       28         0
                text10                              1CA      1CA        8         0
                text9                               1C2      1C2        8         0
                text8                               1EF      1EF        6         0
                text7                               13A      13A       15         0
                text6                               1E9      1E9        6         0
                text5                               123      123       17         0
                text4                                E6       E6       1F         0
                text3                               238      238        3         0
                text2                               235      235        3         0
                text1                               231      231        4         0
                maintext                            105      105       1E         0

        CLASS   STRCODE        

        CLASS   STRING         

        CLASS   CONST          

        CLASS   ENTRY          

        CLASS   COMMON         
                cstackCOMMON                         7A       7A        2         1
                bssCOMMON                            70       70        A         1

        CLASS   BANK0          
                cstackBANK0                          34       34        2         1
                bssBANK0                             32       32        2         1
                nvBANK0                              20       20       12         1

        CLASS   BANK1          

        CLASS   BANK2          

        CLASS   BANK3          

        CLASS   BANK4          

        CLASS   BANK5          

        CLASS   BANK6          

        CLASS   BANK7          

        CLASS   BANK8          

        CLASS   BANK9          

        CLASS   BANK10         

        CLASS   BANK11         

        CLASS   BANK12         

        CLASS   BIGRAM         

        CLASS   RAM            

        CLASS   ABS1           
                abs_s1                               7E       7E        2         1

        CLASS   SFR0           

        CLASS   SFR1           

        CLASS   SFR2           

        CLASS   SFR3           

        CLASS   SFR4           

        CLASS   SFR5           

        CLASS   SFR6           

        CLASS   SFR7           

        CLASS   SFR8           

        CLASS   SFR9           

        CLASS   SFR10          

        CLASS   SFR11          

        CLASS   SFR12          

        CLASS   SFR13          

        CLASS   SFR14          

        CLASS   SFR15          

        CLASS   SFR16          

        CLASS   SFR17          

        CLASS   SFR18          

        CLASS   SFR19          

        CLASS   SFR20          

        CLASS   SFR21          

        CLASS   SFR22          

        CLASS   SFR23          

        CLASS   SFR24          

        CLASS   SFR25          

        CLASS   SFR26          

        CLASS   SFR27          

        CLASS   SFR28          

        CLASS   SFR29          

        CLASS   SFR30          

        CLASS   SFR31          

        CLASS   SFR32          

        CLASS   SFR33          

        CLASS   SFR34          

        CLASS   SFR35          

        CLASS   SFR36          

        CLASS   SFR37          

        CLASS   SFR38          

        CLASS   SFR39          

        CLASS   SFR40          

        CLASS   SFR41          

        CLASS   SFR42          

        CLASS   SFR43          

        CLASS   SFR44          

        CLASS   SFR45          

        CLASS   SFR46          

        CLASS   SFR47          

        CLASS   SFR48          

        CLASS   SFR49          

        CLASS   SFR50          

        CLASS   SFR51          

        CLASS   SFR52          

        CLASS   SFR53          

        CLASS   SFR54          

        CLASS   SFR55          

        CLASS   SFR56          

        CLASS   SFR57          

        CLASS   SFR58          

        CLASS   SFR59          

        CLASS   SFR60          

        CLASS   SFR61          

        CLASS   SFR62          

        CLASS   SFR63          

        CLASS   CONFIG         
                config                             8007     8007        5         4

        CLASS   IDLOC          

        CLASS   BANK63         

        CLASS   BANK62         

        CLASS   BANK61         

        CLASS   BANK60         

        CLASS   BANK59         

        CLASS   BANK58         

        CLASS   BANK57         

        CLASS   BANK56         

        CLASS   BANK55         

        CLASS   BANK54         

        CLASS   BANK53         

        CLASS   BANK52         

        CLASS   BANK51         

        CLASS   BANK50         

        CLASS   BANK49         

        CLASS   BANK48         

        CLASS   BANK47         

        CLASS   BANK46         

        CLASS   BANK45         

        CLASS   BANK44         

        CLASS   BANK43         

        CLASS   BANK42         

        CLASS   BANK41         

        CLASS   BANK40         

        CLASS   BANK39         

        CLASS   BANK38         

        CLASS   BANK37         

        CLASS   BANK36         

        CLASS   BANK35         

        CLASS   BANK34         

        CLASS   BANK33         

        CLASS   BANK32         

        CLASS   BANK31         

        CLASS   BANK30         

        CLASS   BANK29         

        CLASS   BANK28         

        CLASS   BANK27         

        CLASS   BANK26         

        CLASS   BANK25         

        CLASS   BANK24         

        CLASS   BANK23         

        CLASS   BANK22         

        CLASS   BANK21         

        CLASS   BANK20         

        CLASS   BANK19         

        CLASS   BANK18         

        CLASS   BANK17         

        CLASS   BANK16         

        CLASS   BANK15         

        CLASS   BANK14         

        CLASS   BANK13         

        CLASS   EEDATA         



SEGMENTS        Name                           Load    Length   Top    Selector   Space  Class     Delta

                reset_vec                      000000  000002  000002         0       0  CODE        2
                intentry                       000004  000240  000244         8       0  CODE        2
                nvBANK0                        000020  000016  000036        20       1  BANK0       1
                bssCOMMON                      000070  00000C  00007C        70       1  COMMON      1


UNUSED ADDRESS RANGES

        Name                Unused          Largest block    Delta
        BANK0            00036-0006F              3A           1
        BANK1            000A0-000EF              50           1
        BANK10           00520-0056F              50           1
        BANK11           005A0-005EF              50           1
        BANK12           00620-0064F              30           1
        BANK2            00120-0016F              50           1
        BANK3            001A0-001EF              50           1
        BANK4            00220-0026F              50           1
        BANK5            002A0-002EF              50           1
        BANK6            00320-0036F              50           1
        BANK7            003A0-003EF              50           1
        BANK8            00420-0046F              50           1
        BANK9            004A0-004EF              50           1
        BIGRAM           02000-023EF             3F0           1
        CODE             00002-00003               2           2
                         00244-01FFF             800
        COMMON           0007C-0007D               2           1
        CONST            00002-00003               2           2
                         00244-01FFF             100
        ENTRY            00002-00003               2           2
                         00244-01FFF             100
        IDLOC            08000-08003               4           2
        RAM              00036-0006F              3A           1
                         000A0-000EF              50
                         00120-0016F              50
                         001A0-001EF              50
                         00220-0026F              50
                         002A0-002EF              50
                         00320-0036F              50
                         003A0-003EF              50
                         00420-0046F              50
                         004A0-004EF              50
                         00520-0056F              50
                         005A0-005EF              50
                         00620-0064F              30
        SFR0             00000-0001F              20           1
        SFR1             00080-0009F              20           1
        SFR10            00500-0051F              20           1
        SFR11            00580-0059F              20           1
        SFR12            00600-0061F              20           1
        SFR13            00680-006EF              70           1
        SFR14            00700-0076F              70           1
        SFR15            00780-007EF              70           1
        SFR16            00800-0086F              70           1
        SFR17            00880-008EF              70           1
        SFR18            00900-0096F              70           1
        SFR19            00980-009EF              70           1
        SFR2             00100-0011F              20           1
        SFR20            00A00-00A6F              70           1
        SFR21            00A80-00AEF              70           1
        SFR22            00B00-00B6F              70           1
        SFR23            00B80-00BEF              70           1
        SFR24            00C00-00C6F              70           1
        SFR25            00C80-00CEF              70           1
        SFR26            00D00-00D6F              70           1
        SFR27            00D80-00DEF              70           1
        SFR28            00E00-00E6F              70           1
        SFR29            00E80-00EEF              70           1
        SFR3             00180-0019F              20           1
        SFR30            00F00-00F6F              70           1
        SFR31            00F80-00FEF              70           1
        SFR32            01000-0106F              70           1
        SFR33            01080-010EF              70           1
        SFR34            01100-0116F              70           1
        SFR35            01180-011EF              70           1
        SFR36            01200-0126F              70           1
        SFR37            01280-012EF              70           1
        SFR38            01300-0136F              70           1
        SFR39            01380-013EF              70           1
        SFR4             00200-0021F              20           1
        SFR40            01400-0146F              70           1
        SFR41            01480-014EF              70           1
        SFR42            01500-0156F              70           1
        SFR43            01580-015EF              70           1
        SFR44            01600-0166F              70           1
        SFR45            01680-016EF              70           1
        SFR46            01700-0176F              70           1
        SFR47            01780-017EF              70           1
        SFR48            01800-0186F              70           1
        SFR49            01880-018EF              70           1
        SFR5             00280-0029F              20           1
        SFR50            01900-0196F              70           1
        SFR51            01980-019EF              70           1
        SFR52            01A00-01A6F              70           1
        SFR53            01A80-01AEF              70           1
        SFR54            01B00-01B6F              70           1
        SFR55            01B80-01BEF              70           1
        SFR56            01C00-01C6F              70           1
        SFR57            01C80-01CEF              70           1
        SFR58            01D00-01D6F              70           1
        SFR59            01D80-01DEF              70           1
        SFR6             00300-0031F              20           1
        SFR60            01E00-01E6F              70           1
        SFR61            01E80-01EEF              70           1
        SFR62            01F00-01F6F              70           1
        SFR63            01F80-01FEF              70           1
        SFR7             00380-0039F              20           1
        SFR8             00400-0041F              20           1
        SFR9             00480-0049F              20           1
        STACK            02016-023EF             3DA           1
        STRCODE          00002-00003               2           2
                         00244-01FFF            1DBC
        STRING           00002-00003               2           2
                         00244-01FFF             100

                                  Symbol Table

?_ADC_GetConversionResult                       cstackCOMMON 0007A
ADC_SelectChannel@channel                       cstackCOMMON 0007B
EUSART1_SetErrorHandler@interruptHandler        cstackBANK0  00034
EUSART1_SetFramingErrorHandler@interruptHandler cstackBANK0  00034
EUSART1_SetOverrunErrorHandler@interruptHandler cstackBANK0  00034
EUSART2_SetErrorHandler@interruptHandler        cstackBANK0  00034
EUSART2_SetFramingErrorHandler@interruptHandler cstackBANK0  00034
EUSART2_SetOverrunErrorHandler@interruptHandler cstackBANK0  00034
INT_SetInterruptHandler@InterruptHandler        cstackBANK0  00034
TMR0_SetInterruptHandler@InterruptHandler       cstackBANK0  00034
TMR2_ISR@CountCallBack                          bssCOMMON    00074
TMR2_SetInterruptHandler@InterruptHandler       cstackBANK0  00034
_ADCON0                                         (abs)        0009D
_ADCON0bits                                     (abs)        0009D
_ADCON1                                         (abs)        0009E
_ADC_GetConversionResult                        text34       0021F
_ADC_Initialize                                 text23       001D2
_ADC_IsConversionDone                           text33       001E2
_ADC_RES_dimmin                                 bssCOMMON    00070
_ADC_RES_pcbtype                                bssCOMMON    00072
_ADC_SelectChannel                              text32       00191
_ADC_StartConversion                            text31       0023B
_ADRESH                                         (abs)        0009C
_ADRESL                                         (abs)        0009B
_ANSELA                                         (abs)        01F38
_ANSELC                                         (abs)        01F4E
_AdcRead                                        text29       00044
_BAUD1CON                                       (abs)        0011F
_BAUD2CON                                       (abs)        00A1F
_EUSART1_DefaultErrorHandler                    (abs)        00000
_EUSART1_DefaultFramingErrorHandler             (abs)        00000
_EUSART1_DefaultOverrunErrorHandler             (abs)        00000
_EUSART1_ErrorHandler                           nvBANK0      0002A
_EUSART1_FramingErrorHandler                    nvBANK0      0002E
_EUSART1_Initialize                             text19       000C1
_EUSART1_OverrunErrorHandler                    nvBANK0      0002C
_EUSART1_SetErrorHandler                        text22       00219
_EUSART1_SetFramingErrorHandler                 text21       00213
_EUSART1_SetOverrunErrorHandler                 text20       0020D
_EUSART2_DefaultErrorHandler                    (abs)        00000
_EUSART2_DefaultFramingErrorHandler             (abs)        00000
_EUSART2_DefaultOverrunErrorHandler             (abs)        00000
_EUSART2_ErrorHandler                           nvBANK0      00024
_EUSART2_FramingErrorHandler                    nvBANK0      00028
_EUSART2_Initialize                             text15       0009C
_EUSART2_OverrunErrorHandler                    nvBANK0      00026
_EUSART2_SetErrorHandler                        text18       00207
_EUSART2_SetFramingErrorHandler                 text17       00201
_EUSART2_SetOverrunErrorHandler                 text16       001FB
_EXT_INT_Initialize                             text13       00176
_INLVLA                                         (abs)        01F3C
_INLVLC                                         (abs)        01F52
_INTCONbits                                     (abs)        0000B
_INTERRUPT_InterruptManager                     intentry     00004
_INTPPS                                         (abs)        01E90
_INT_CallBack                                   text40       001AB
_INT_DefaultInterruptHandler                    text41       00243
_INT_ISR                                        text39       0022B
_INT_InterruptHandler                           nvBANK0      00030
_INT_SetInterruptHandler                        text14       001F5
_LATA                                           (abs)        00018
_LATAbits                                       (abs)        00018
_LATC                                           (abs)        0001A
_ODCONA                                         (abs)        01F3A
_ODCONC                                         (abs)        01F50
_OSCCON1                                        (abs)        0088D
_OSCCON3                                        (abs)        0088F
_OSCEN                                          (abs)        00891
_OSCFRQ                                         (abs)        00893
_OSCILLATOR_Initialize                          text12       001B8
_OSCSTAT                                        (abs)        00890
_OSCTUNE                                        (abs)        00892
_PIE0bits                                       (abs)        00716
_PIE4bits                                       (abs)        0071A
_PIN_MANAGER_Initialize                         text11       00074
_PIR0bits                                       (abs)        0070C
_PIR3bits                                       (abs)        0070F
_PIR4bits                                       (abs)        00710
_PMD0                                           (abs)        00796
_PMD1                                           (abs)        00797
_PMD2                                           (abs)        00798
_PMD3                                           (abs)        00799
_PMD4                                           (abs)        0079A
_PMD5                                           (abs)        0079B
_PMD_Initialize                                 text10       001CA
_PR2                                            (abs)        0028D
_PWM3CON                                        (abs)        00316
_PWM3DCH                                        (abs)        00315
_PWM3DCL                                        (abs)        00314
_PWM3_Initialize                                text9        001C2
_RC0PPS                                         (abs)        01F20
_RC1REG                                         (abs)        00119
_RC1STA                                         (abs)        0011D
_RC1STAbits                                     (abs)        0011D
_RC2PPS                                         (abs)        01F22
_RC2REG                                         (abs)        00A19
_RC2STA                                         (abs)        00A1D
_RC2STAbits                                     (abs)        00A1D
_RC4PPS                                         (abs)        01F24
_RX1DTPPS                                       (abs)        01ECB
_RX2DTPPS                                       (abs)        01ECD
_SLRCONA                                        (abs)        01F3B
_SLRCONC                                        (abs)        01F51
_SP1BRGH                                        (abs)        0011C
_SP1BRGL                                        (abs)        0011B
_SP2BRGH                                        (abs)        00A1C
_SP2BRGL                                        (abs)        00A1B
_SYSTEM_Initialize                              text4        000E6
_T0CON0                                         (abs)        0059E
_T0CON0bits                                     (abs)        0059E
_T0CON1                                         (abs)        0059F
_T0_IH                                          text37       0023E
_T2CLKCON                                       (abs)        00290
_T2CON                                          (abs)        0028E
_T2CONbits                                      (abs)        0028E
_T2HLT                                          (abs)        0028F
_T2HLTbits                                      (abs)        0028F
_T2PR                                           (abs)        0028D
_T2RST                                          (abs)        00291
_T2RSTbits                                      (abs)        00291
_T2TMR                                          (abs)        0028C
_T2_IH                                          text27       00164
_TMR0H                                          (abs)        0059D
_TMR0L                                          (abs)        0059C
_TMR0_CallBack                                  text36       0019E
_TMR0_DefaultInterruptHandler                   text38       00242
_TMR0_ISR                                       text35       00225
_TMR0_Initialize                                text7        0013A
_TMR0_InterruptHandler                          nvBANK0      00020
_TMR0_SetInterruptHandler                       text8        001EF
_TMR0_StartTimer                                text3        00238
_TMR2                                           (abs)        0028C
_TMR2_CallBack                                  text26       00184
_TMR2_DefaultInterruptHandler                   text28       00241
_TMR2_ISR                                       text25       0014F
_TMR2_Initialize                                text5        00123
_TMR2_InterruptHandler                          nvBANK0      00022
_TMR2_SetInterruptHandler                       text6        001E9
_TMR2_Start                                     text2        00235
_TMR2_StartTimer                                text1        00231
_TRISA                                          (abs)        00012
_TRISC                                          (abs)        00014
_TX1REG                                         (abs)        0011A
_TX1STA                                         (abs)        0011E
_TX1STAbits                                     (abs)        0011E
_TX2REG                                         (abs)        00A1A
_TX2STA                                         (abs)        00A1E
_TX2STAbits                                     (abs)        00A1E
_WPUA                                           (abs)        01F39
_WPUC                                           (abs)        01F4F
__Habs1                                         abs1         00000
__Hbank0                                        bank0        00000
__Hbank1                                        bank1        00000
__Hbank10                                       bank10       00000
__Hbank11                                       bank11       00000
__Hbank12                                       bank12       00000
__Hbank13                                       bank13       00000
__Hbank14                                       bank14       00000
__Hbank15                                       bank15       00000
__Hbank16                                       bank16       00000
__Hbank17                                       bank17       00000
__Hbank18                                       bank18       00000
__Hbank19                                       bank19       00000
__Hbank2                                        bank2        00000
__Hbank20                                       bank20       00000
__Hbank21                                       bank21       00000
__Hbank22                                       bank22       00000
__Hbank23                                       bank23       00000
__Hbank24                                       bank24       00000
__Hbank25                                       bank25       00000
__Hbank26                                       bank26       00000
__Hbank27                                       bank27       00000
__Hbank28                                       bank28       00000
__Hbank29                                       bank29       00000
__Hbank3                                        bank3        00000
__Hbank30                                       bank30       00000
__Hbank31                                       bank31       00000
__Hbank32                                       bank32       00000
__Hbank33                                       bank33       00000
__Hbank34                                       bank34       00000
__Hbank35                                       bank35       00000
__Hbank36                                       bank36       00000
__Hbank37                                       bank37       00000
__Hbank38                                       bank38       00000
__Hbank39                                       bank39       00000
__Hbank4                                        bank4        00000
__Hbank40                                       bank40       00000
__Hbank41                                       bank41       00000
__Hbank42                                       bank42       00000
__Hbank43                                       bank43       00000
__Hbank44                                       bank44       00000
__Hbank45                                       bank45       00000
__Hbank46                                       bank46       00000
__Hbank47                                       bank47       00000
__Hbank48                                       bank48       00000
__Hbank49                                       bank49       00000
__Hbank5                                        bank5        00000
__Hbank50                                       bank50       00000
__Hbank51                                       bank51       00000
__Hbank52                                       bank52       00000
__Hbank53                                       bank53       00000
__Hbank54                                       bank54       00000
__Hbank55                                       bank55       00000
__Hbank56                                       bank56       00000
__Hbank57                                       bank57       00000
__Hbank58                                       bank58       00000
__Hbank59                                       bank59       00000
__Hbank6                                        bank6        00000
__Hbank60                                       bank60       00000
__Hbank61                                       bank61       00000
__Hbank62                                       bank62       00000
__Hbank63                                       bank63       00000
__Hbank7                                        bank7        00000
__Hbank8                                        bank8        00000
__Hbank9                                        bank9        00000
__Hbigram                                       bigram       00000
__HbssBANK0                                     bssBANK0     00000
__HbssCOMMON                                    bssCOMMON    00000
__Hcinit                                        cinit        00044
__Hclrtext                                      clrtext      00000
__Hcode                                         code         00000
__Hcommon                                       common       00000
__Hconfig                                       config       0800C
__HcstackBANK0                                  cstackBANK0  00000
__HcstackCOMMON                                 cstackCOMMON 00000
__Heeprom_data                                  eeprom_data  00000
__Hend_init                                     end_init     00033
__Hfunctab                                      functab      00000
__Hinit                                         init         00031
__Hintentry                                     intentry     00031
__Hmaintext                                     maintext     00000
__HnvBANK0                                      nvBANK0      00000
__Hpowerup                                      powerup      00000
__Hram                                          ram          00000
__Hreset_vec                                    reset_vec    00002
__Hsfr0                                         sfr0         00000
__Hsfr1                                         sfr1         00000
__Hsfr10                                        sfr10        00000
__Hsfr11                                        sfr11        00000
__Hsfr12                                        sfr12        00000
__Hsfr13                                        sfr13        00000
__Hsfr14                                        sfr14        00000
__Hsfr15                                        sfr15        00000
__Hsfr16                                        sfr16        00000
__Hsfr17                                        sfr17        00000
__Hsfr18                                        sfr18        00000
__Hsfr19                                        sfr19        00000
__Hsfr2                                         sfr2         00000
__Hsfr20                                        sfr20        00000
__Hsfr21                                        sfr21        00000
__Hsfr22                                        sfr22        00000
__Hsfr23                                        sfr23        00000
__Hsfr24                                        sfr24        00000
__Hsfr25                                        sfr25        00000
__Hsfr26                                        sfr26        00000
__Hsfr27                                        sfr27        00000
__Hsfr28                                        sfr28        00000
__Hsfr29                                        sfr29        00000
__Hsfr3                                         sfr3         00000
__Hsfr30                                        sfr30        00000
__Hsfr31                                        sfr31        00000
__Hsfr32                                        sfr32        00000
__Hsfr33                                        sfr33        00000
__Hsfr34                                        sfr34        00000
__Hsfr35                                        sfr35        00000
__Hsfr36                                        sfr36        00000
__Hsfr37                                        sfr37        00000
__Hsfr38                                        sfr38        00000
__Hsfr39                                        sfr39        00000
__Hsfr4                                         sfr4         00000
__Hsfr40                                        sfr40        00000
__Hsfr41                                        sfr41        00000
__Hsfr42                                        sfr42        00000
__Hsfr43                                        sfr43        00000
__Hsfr44                                        sfr44        00000
__Hsfr45                                        sfr45        00000
__Hsfr46                                        sfr46        00000
__Hsfr47                                        sfr47        00000
__Hsfr48                                        sfr48        00000
__Hsfr49                                        sfr49        00000
__Hsfr5                                         sfr5         00000
__Hsfr50                                        sfr50        00000
__Hsfr51                                        sfr51        00000
__Hsfr52                                        sfr52        00000
__Hsfr53                                        sfr53        00000
__Hsfr54                                        sfr54        00000
__Hsfr55                                        sfr55        00000
__Hsfr56                                        sfr56        00000
__Hsfr57                                        sfr57        00000
__Hsfr58                                        sfr58        00000
__Hsfr59                                        sfr59        00000
__Hsfr6                                         sfr6         00000
__Hsfr60                                        sfr60        00000
__Hsfr61                                        sfr61        00000
__Hsfr62                                        sfr62        00000
__Hsfr63                                        sfr63        00000
__Hsfr7                                         sfr7         00000
__Hsfr8                                         sfr8         00000
__Hsfr9                                         sfr9         00000
__Hspace_0                                      (abs)        00244
__Hspace_1                                      (abs)        0007C
__Hspace_2                                      (abs)        00000
__Hspace_3                                      (abs)        00000
__Hspace_4                                      (abs)        10013
__Hstack                                        stack        00000
__Hstrings                                      strings      00000
__Htext                                         text         00000
__Labs1                                         abs1         00000
__Lbank0                                        bank0        00000
__Lbank1                                        bank1        00000
__Lbank10                                       bank10       00000
__Lbank11                                       bank11       00000
__Lbank12                                       bank12       00000
__Lbank13                                       bank13       00000
__Lbank14                                       bank14       00000
__Lbank15                                       bank15       00000
__Lbank16                                       bank16       00000
__Lbank17                                       bank17       00000
__Lbank18                                       bank18       00000
__Lbank19                                       bank19       00000
__Lbank2                                        bank2        00000
__Lbank20                                       bank20       00000
__Lbank21                                       bank21       00000
__Lbank22                                       bank22       00000
__Lbank23                                       bank23       00000
__Lbank24                                       bank24       00000
__Lbank25                                       bank25       00000
__Lbank26                                       bank26       00000
__Lbank27                                       bank27       00000
__Lbank28                                       bank28       00000
__Lbank29                                       bank29       00000
__Lbank3                                        bank3        00000
__Lbank30                                       bank30       00000
__Lbank31                                       bank31       00000
__Lbank32                                       bank32       00000
__Lbank33                                       bank33       00000
__Lbank34                                       bank34       00000
__Lbank35                                       bank35       00000
__Lbank36                                       bank36       00000
__Lbank37                                       bank37       00000
__Lbank38                                       bank38       00000
__Lbank39                                       bank39       00000
__Lbank4                                        bank4        00000
__Lbank40                                       bank40       00000
__Lbank41                                       bank41       00000
__Lbank42                                       bank42       00000
__Lbank43                                       bank43       00000
__Lbank44                                       bank44       00000
__Lbank45                                       bank45       00000
__Lbank46                                       bank46       00000
__Lbank47                                       bank47       00000
__Lbank48                                       bank48       00000
__Lbank49                                       bank49       00000
__Lbank5                                        bank5        00000
__Lbank50                                       bank50       00000
__Lbank51                                       bank51       00000
__Lbank52                                       bank52       00000
__Lbank53                                       bank53       00000
__Lbank54                                       bank54       00000
__Lbank55                                       bank55       00000
__Lbank56                                       bank56       00000
__Lbank57                                       bank57       00000
__Lbank58                                       bank58       00000
__Lbank59                                       bank59       00000
__Lbank6                                        bank6        00000
__Lbank60                                       bank60       00000
__Lbank61                                       bank61       00000
__Lbank62                                       bank62       00000
__Lbank63                                       bank63       00000
__Lbank7                                        bank7        00000
__Lbank8                                        bank8        00000
__Lbank9                                        bank9        00000
__Lbigram                                       bigram       00000
__LbssBANK0                                     bssBANK0     00000
__LbssCOMMON                                    bssCOMMON    00000
__Lcinit                                        cinit        00033
__Lclrtext                                      clrtext      00000
__Lcode                                         code         00000
__Lcommon                                       common       00000
__Lconfig                                       config       00000
__LcstackBANK0                                  cstackBANK0  00000
__LcstackCOMMON                                 cstackCOMMON 00000
__Leeprom_data                                  eeprom_data  00000
__Lend_init                                     end_init     00031
__Lfunctab                                      functab      00000
__Linit                                         init         00031
__Lintentry                                     intentry     00004
__Lmaintext                                     maintext     00000
__LnvBANK0                                      nvBANK0      00000
__Lpowerup                                      powerup      00000
__Lram                                          ram          00000
__Lreset_vec                                    reset_vec    00000
__Lsfr0                                         sfr0         00000
__Lsfr1                                         sfr1         00000
__Lsfr10                                        sfr10        00000
__Lsfr11                                        sfr11        00000
__Lsfr12                                        sfr12        00000
__Lsfr13                                        sfr13        00000
__Lsfr14                                        sfr14        00000
__Lsfr15                                        sfr15        00000
__Lsfr16                                        sfr16        00000
__Lsfr17                                        sfr17        00000
__Lsfr18                                        sfr18        00000
__Lsfr19                                        sfr19        00000
__Lsfr2                                         sfr2         00000
__Lsfr20                                        sfr20        00000
__Lsfr21                                        sfr21        00000
__Lsfr22                                        sfr22        00000
__Lsfr23                                        sfr23        00000
__Lsfr24                                        sfr24        00000
__Lsfr25                                        sfr25        00000
__Lsfr26                                        sfr26        00000
__Lsfr27                                        sfr27        00000
__Lsfr28                                        sfr28        00000
__Lsfr29                                        sfr29        00000
__Lsfr3                                         sfr3         00000
__Lsfr30                                        sfr30        00000
__Lsfr31                                        sfr31        00000
__Lsfr32                                        sfr32        00000
__Lsfr33                                        sfr33        00000
__Lsfr34                                        sfr34        00000
__Lsfr35                                        sfr35        00000
__Lsfr36                                        sfr36        00000
__Lsfr37                                        sfr37        00000
__Lsfr38                                        sfr38        00000
__Lsfr39                                        sfr39        00000
__Lsfr4                                         sfr4         00000
__Lsfr40                                        sfr40        00000
__Lsfr41                                        sfr41        00000
__Lsfr42                                        sfr42        00000
__Lsfr43                                        sfr43        00000
__Lsfr44                                        sfr44        00000
__Lsfr45                                        sfr45        00000
__Lsfr46                                        sfr46        00000
__Lsfr47                                        sfr47        00000
__Lsfr48                                        sfr48        00000
__Lsfr49                                        sfr49        00000
__Lsfr5                                         sfr5         00000
__Lsfr50                                        sfr50        00000
__Lsfr51                                        sfr51        00000
__Lsfr52                                        sfr52        00000
__Lsfr53                                        sfr53        00000
__Lsfr54                                        sfr54        00000
__Lsfr55                                        sfr55        00000
__Lsfr56                                        sfr56        00000
__Lsfr57                                        sfr57        00000
__Lsfr58                                        sfr58        00000
__Lsfr59                                        sfr59        00000
__Lsfr6                                         sfr6         00000
__Lsfr60                                        sfr60        00000
__Lsfr61                                        sfr61        00000
__Lsfr62                                        sfr62        00000
__Lsfr63                                        sfr63        00000
__Lsfr7                                         sfr7         00000
__Lsfr8                                         sfr8         00000
__Lsfr9                                         sfr9         00000
__Lspace_0                                      (abs)        00000
__Lspace_1                                      (abs)        00000
__Lspace_2                                      (abs)        00000
__Lspace_3                                      (abs)        00000
__Lspace_4                                      (abs)        00000
__Lstack                                        stack        00000
__Lstrings                                      strings      00000
__Ltext                                         text         00000
__S0                                            (abs)        00244
__S1                                            (abs)        0007C
__S2                                            (abs)        00000
___int_sp                                       stack        00000
___latbits                                      (abs)        00002
___sp                                           stack        00000
___stackhi                                      (abs)        023EF
___stacklo                                      (abs)        02016
__end_of_ADC_GetConversionResult                text34       00225
__end_of_ADC_Initialize                         text23       001DA
__end_of_ADC_IsConversionDone                   text33       001E9
__end_of_ADC_SelectChannel                      text32       0019E
__end_of_ADC_StartConversion                    text31       0023E
__end_of_AdcRead                                text29       00074
__end_of_EUSART1_Initialize                     text19       000E6
__end_of_EUSART1_SetErrorHandler                text22       0021F
__end_of_EUSART1_SetFramingErrorHandler         text21       00219
__end_of_EUSART1_SetOverrunErrorHandler         text20       00213
__end_of_EUSART2_Initialize                     text15       000C1
__end_of_EUSART2_SetErrorHandler                text18       0020D
__end_of_EUSART2_SetFramingErrorHandler         text17       00207
__end_of_EUSART2_SetOverrunErrorHandler         text16       00201
__end_of_EXT_INT_Initialize                     text13       00184
__end_of_INTERRUPT_InterruptManager             intentry     00031
__end_of_INT_CallBack                           text40       001B8
__end_of_INT_DefaultInterruptHandler            text41       00244
__end_of_INT_ISR                                text39       00231
__end_of_INT_SetInterruptHandler                text14       001FB
__end_of_OSCILLATOR_Initialize                  text12       001C2
__end_of_PIN_MANAGER_Initialize                 text11       0009C
__end_of_PMD_Initialize                         text10       001D2
__end_of_PWM3_Initialize                        text9        001CA
__end_of_SYSTEM_Initialize                      text4        00105
__end_of_T0_IH                                  text37       00241
__end_of_T2_IH                                  text27       00176
__end_of_TMR0_CallBack                          text36       001AB
__end_of_TMR0_DefaultInterruptHandler           text38       00243
__end_of_TMR0_ISR                               text35       0022B
__end_of_TMR0_Initialize                        text7        0014F
__end_of_TMR0_SetInterruptHandler               text8        001F5
__end_of_TMR0_StartTimer                        text3        0023B
__end_of_TMR2_CallBack                          text26       00191
__end_of_TMR2_DefaultInterruptHandler           text28       00242
__end_of_TMR2_ISR                               text25       00164
__end_of_TMR2_Initialize                        text5        0013A
__end_of_TMR2_SetInterruptHandler               text6        001EF
__end_of_TMR2_Start                             text2        00238
__end_of_TMR2_StartTimer                        text1        00235
__end_of__initialization                        cinit        00040
__end_of_main                                   maintext     00123
__end_ofi1_ADC_Initialize                       text30       001E2
__initialization                                cinit        00033
__pbssBANK0                                     bssBANK0     00032
__pbssCOMMON                                    bssCOMMON    00070
__pcstackBANK0                                  cstackBANK0  00034
__pcstackCOMMON                                 cstackCOMMON 0007A
__pintentry                                     intentry     00004
__pmaintext                                     maintext     00105
__pnvBANK0                                      nvBANK0      00020
__ptext1                                        text1        00231
__ptext10                                       text10       001CA
__ptext11                                       text11       00074
__ptext12                                       text12       001B8
__ptext13                                       text13       00176
__ptext14                                       text14       001F5
__ptext15                                       text15       0009C
__ptext16                                       text16       001FB
__ptext17                                       text17       00201
__ptext18                                       text18       00207
__ptext19                                       text19       000C1
__ptext2                                        text2        00235
__ptext20                                       text20       0020D
__ptext21                                       text21       00213
__ptext22                                       text22       00219
__ptext23                                       text23       001D2
__ptext25                                       text25       0014F
__ptext26                                       text26       00184
__ptext27                                       text27       00164
__ptext28                                       text28       00241
__ptext29                                       text29       00044
__ptext3                                        text3        00238
__ptext30                                       text30       001DA
__ptext31                                       text31       0023B
__ptext32                                       text32       00191
__ptext33                                       text33       001E2
__ptext34                                       text34       0021F
__ptext35                                       text35       00225
__ptext36                                       text36       0019E
__ptext37                                       text37       0023E
__ptext38                                       text38       00242
__ptext39                                       text39       0022B
__ptext4                                        text4        000E6
__ptext40                                       text40       001AB
__ptext41                                       text41       00243
__ptext5                                        text5        00123
__ptext6                                        text6        001E9
__ptext7                                        text7        0013A
__ptext8                                        text8        001EF
__ptext9                                        text9        001C2
__size_of_ADC_GetConversionResult               (abs)        00000
__size_of_ADC_Initialize                        (abs)        00000
__size_of_ADC_IsConversionDone                  (abs)        00000
__size_of_ADC_SelectChannel                     (abs)        00000
__size_of_ADC_StartConversion                   (abs)        00000
__size_of_AdcRead                               (abs)        00000
__size_of_EUSART1_Initialize                    (abs)        00000
__size_of_EUSART1_SetErrorHandler               (abs)        00000
__size_of_EUSART1_SetFramingErrorHandler        (abs)        00000
__size_of_EUSART1_SetOverrunErrorHandler        (abs)        00000
__size_of_EUSART2_Initialize                    (abs)        00000
__size_of_EUSART2_SetErrorHandler               (abs)        00000
__size_of_EUSART2_SetFramingErrorHandler        (abs)        00000
__size_of_EUSART2_SetOverrunErrorHandler        (abs)        00000
__size_of_EXT_INT_Initialize                    (abs)        00000
__size_of_INTERRUPT_InterruptManager            (abs)        00000
__size_of_INT_CallBack                          (abs)        00000
__size_of_INT_DefaultInterruptHandler           (abs)        00000
__size_of_INT_ISR                               (abs)        00000
__size_of_INT_SetInterruptHandler               (abs)        00000
__size_of_OSCILLATOR_Initialize                 (abs)        00000
__size_of_PIN_MANAGER_Initialize                (abs)        00000
__size_of_PMD_Initialize                        (abs)        00000
__size_of_PWM3_Initialize                       (abs)        00000
__size_of_SYSTEM_Initialize                     (abs)        00000
__size_of_T0_IH                                 (abs)        00000
__size_of_T2_IH                                 (abs)        00000
__size_of_TMR0_CallBack                         (abs)        00000
__size_of_TMR0_DefaultInterruptHandler          (abs)        00000
__size_of_TMR0_ISR                              (abs)        00000
__size_of_TMR0_Initialize                       (abs)        00000
__size_of_TMR0_SetInterruptHandler              (abs)        00000
__size_of_TMR0_StartTimer                       (abs)        00000
__size_of_TMR2_CallBack                         (abs)        00000
__size_of_TMR2_DefaultInterruptHandler          (abs)        00000
__size_of_TMR2_ISR                              (abs)        00000
__size_of_TMR2_Initialize                       (abs)        00000
__size_of_TMR2_SetInterruptHandler              (abs)        00000
__size_of_TMR2_Start                            (abs)        00000
__size_of_TMR2_StartTimer                       (abs)        00000
__size_of_main                                  (abs)        00000
__size_ofi1_ADC_Initialize                      (abs)        00000
_eusart1RxLastError                             bssCOMMON    00079
_eusart2RxLastError                             bssCOMMON    00078
_main                                           maintext     00105
btemp                                           (abs)        0007E
end_of_initialization                           cinit        00040
i1_ADC_Initialize                               text30       001DA
int$flags                                       (abs)        0007E
intlevel0                                       functab      00000
intlevel1                                       functab      00000
intlevel2                                       functab      00000
intlevel3                                       functab      00000
intlevel4                                       functab      00000
intlevel5                                       functab      00000
reset_vec                                       reset_vec    00000
start                                           init         00031
start_initialization                            cinit        00033
wtemp0                                          (abs)        0007E


MODULE INFORMATION

Module		Function		Class		Link	Load	Size
mcc_generated_files/eusart2.c
		_EUSART2_SetOverrunErrorHandler		CODE           	01FB	0000	6
		_EUSART2_SetErrorHandler		CODE           	0207	0000	6
		_EUSART2_Initialize		CODE           	009C	0000	37
		_EUSART2_SetFramingErrorHandler		CODE           	0201	0000	6

mcc_generated_files/eusart2.c estimated size: 55

mcc_generated_files/tmr2.c
		_TMR2_ISR      		CODE           	014F	0000	21
		_TMR2_Initialize		CODE           	0123	0000	23
		_TMR2_Start    		CODE           	0235	0000	3
		_TMR2_SetInterruptHandler		CODE           	01E9	0000	6
		_TMR2_DefaultInterruptHandler		CODE           	0241	0000	1
		_TMR2_CallBack 		CODE           	0184	0000	13
		_TMR2_StartTimer		CODE           	0231	0000	4

mcc_generated_files/tmr2.c estimated size: 71

mcc_generated_files/interrupt_manager.c
		_INTERRUPT_InterruptManager		CODE           	0004	0000	45

mcc_generated_files/interrupt_manager.c estimated size: 45

mcc_generated_files/tmr0.c
		_TMR0_SetInterruptHandler		CODE           	01EF	0000	6
		_TMR0_DefaultInterruptHandler		CODE           	0242	0000	1
		_TMR0_CallBack 		CODE           	019E	0000	13
		_TMR0_StartTimer		CODE           	0238	0000	3
		_TMR0_ISR      		CODE           	0225	0000	6
		_TMR0_Initialize		CODE           	013A	0000	21

mcc_generated_files/tmr0.c estimated size: 50

mcc_generated_files/pin_manager.c
		_PIN_MANAGER_Initialize		CODE           	0074	0000	40

mcc_generated_files/pin_manager.c estimated size: 40

mcc_generated_files/adc.c
		_ADC_Initialize		CODE           	01D2	0000	8
		_ADC_IsConversionDone		CODE           	01E2	0000	7
		_ADC_GetConversionResult		CODE           	021F	0000	6
		_ADC_StartConversion		CODE           	023B	0000	3
		_ADC_SelectChannel		CODE           	0191	0000	13

mcc_generated_files/adc.c estimated size: 37

mcc_generated_files/ext_int.c
		_INT_DefaultInterruptHandler		CODE           	0243	0000	1
		_EXT_INT_Initialize		CODE           	0176	0000	14
		_INT_SetInterruptHandler		CODE           	01F5	0000	6
		_INT_CallBack  		CODE           	01AB	0000	13
		_INT_ISR       		CODE           	022B	0000	6

mcc_generated_files/ext_int.c estimated size: 40

shared
		__initialization		CODE           	0033	0000	13
		i1_ADC_Initialize		CODE           	01DA	0000	8

shared estimated size: 21

mcc_generated_files/eusart1.c
		_EUSART1_Initialize		CODE           	00C1	0000	37
		_EUSART1_SetFramingErrorHandler		CODE           	0213	0000	6
		_EUSART1_SetOverrunErrorHandler		CODE           	020D	0000	6
		_EUSART1_SetErrorHandler		CODE           	0219	0000	6

mcc_generated_files/eusart1.c estimated size: 55

mcc_generated_files/mcc.c
		_PMD_Initialize		CODE           	01CA	0000	8
		_OSCILLATOR_Initialize		CODE           	01B8	0000	10
		_SYSTEM_Initialize		CODE           	00E6	0000	31

mcc_generated_files/mcc.c estimated size: 49

mcc_generated_files/pwm3.c
		_PWM3_Initialize		CODE           	01C2	0000	8

mcc_generated_files/pwm3.c estimated size: 8

main.c
		_main          		CODE           	0105	0000	30
		_T0_IH         		CODE           	023E	0000	3
		_AdcRead       		CODE           	0044	0000	48
		_T2_IH         		CODE           	0164	0000	18

main.c estimated size: 99

